2020/07/10 15:36:38 API available at attempt 2
2020/07/10 15:36:38 Ping test succesfull
2020/07/10 15:36:38 can't ping server: Get "http://ecclesia:5000/all-parishes": EOF
